2026/09/27 05:01:05 API is working on http://localhost:8080
2026/09/27 05:05:30 API is working on http://localhost:8080
2026/09/27 05:05:30 listen tcp :8080: bind: address already in use
2026/09/27 05:05:56 API is working on http://localhost:8080
2026/09/27 05:06:29 API is working on http://localhost:8080
2026/09/27 05:06:29 listen tcp :8080: bind: address already in use
2026/09/27 05:07:51 API is working on http://localhost:8080
2026/09/27 05:07:51 listen tcp :8080: bind: address already in use
2026/09/27 05:07:54 API is working on http://localhost:8080
2026/09/27 05:07:54 listen tcp :8080: bind: address already in use
2026/09/27 05:08:11 "POST http://localhost:8080/api/go/hash/sha512 HTTP/1.1" from [::1]:46482 - 200 139B in 146.567µs
2026/09/27 05:08:12 "POST http://localhost:8080/api/go/hash/sha512 HTTP/1.1" from [::1]:33896 - 200 139B in 104.107µs
2026/09/27 05:08:13 "POST http://localhost:8080/api/go/hash/sha512 HTTP/1.1" from [::1]:33906 - 200 139B in 108.973µs
2026/09/27 05:08:14 "POST http://localhost:8080/api/go/hash/sha512 HTTP/1.1" from [::1]:33922 - 200 139B in 50.921µs
2026/09/27 05:08:28 "POST http://localhost:8080/api/go/hash/sha512 HTTP/1.1" from [::1]:52738 - 200 139B in 315.244µs
2026/09/27 05:08:33 "POST http://localhost:8080/api/go/hash/md5 HTTP/1.1" from [::1]:37406 - 200 75B in 44.764µs
2026/09/27 05:08:36 "POST http://localhost:8080/api/go/hash/sha512 HTTP/1.1" from [::1]:37414 - 200 139B in 44.403µs
2026/09/27 05:08:40 "POST http://localhost:8080/api/go/hash/md5 HTTP/1.1" from [::1]:37426 - 200 75B in 93.731µs
2026/09/27 05:08:40 "POST http://localhost:8080/api/go/hash/md5 HTTP/1.1" from [::1]:37438 - 200 75B in 44.162µs
2026/09/27 05:08:40 "POST http://localhost:8080/api/go/hash/md5 HTTP/1.1" from [::1]:37450 - 200 75B in 96.626µs
2026/09/27 05:08:42 "POST http://localhost:8080/api/go/hash/md5 HTTP/1.1" from [::1]:37452 - 200 75B in 40.737µs
2026/09/27 05:08:42 "POST http://localhost:8080/api/go/hash/md5 HTTP/1.1" from [::1]:37456 - 200 75B in 40.147µs
2026/09/27 05:08:42 "POST http://localhost:8080/api/go/hash/md5 HTTP/1.1" from [::1]:43044 - 200 75B in 227.63µs
2026/09/27 05:08:42 "POST http://localhost:8080/api/go/hash/md5 HTTP/1.1" from [::1]:43054 - 200 75B in 40.056µs
2026/09/27 05:08:43 "POST http://localhost:8080/api/go/hash/md5 HTTP/1.1" from [::1]:43062 - 200 75B in 41.257µs
2026/09/27 05:08:44 "POST http://localhost:8080/api/go/hash/md5 HTTP/1.1" from [::1]:43078 - 200 75B in 49.049µs
2026/09/27 05:08:44 "POST http://localhost:8080/api/go/hash/md5 HTTP/1.1" from [::1]:43086 - 200 75B in 64.931µs
2026/09/27 05:11:30 "POST http://localhost:8080/api/go/hash/sha512 HTTP/1.1" from [::1]:38484 - 200 139B in 123.343µs
2026/09/27 05:11:33 "POST http://localhost:8080/api/go/hash/sha512 HTTP/1.1" from [::1]:58860 - 200 139B in 56.199µs
2026/09/27 05:11:35 "POST http://localhost:8080/api/go/hash/md5 HTTP/1.1" from [::1]:58866 - 200 75B in 110.736µs
2026/09/27 05:11:37 "POST http://localhost:8080/api/go/hash/md5 HTTP/1.1" from [::1]:58872 - 200 75B in 42.019µs
2026/09/27 05:11:37 "POST http://localhost:8080/api/go/hash/sha512 HTTP/1.1" from [::1]:58876 - 200 139B in 501.747µs
2026/09/27 05:11:40 "POST http://localhost:8080/api/go/hash/md5 HTTP/1.1" from [::1]:58884 - 200 75B in 97.308µs
2026/09/27 05:11:41 "POST http://localhost:8080/api/go/hash/md5 HTTP/1.1" from [::1]:58888 - 200 75B in 122.953µs
2026/09/27 05:11:42 "POST http://localhost:8080/api/go/hash/sha512 HTTP/1.1" from [::1]:59468 - 200 139B in 126.548µs
2026/09/27 05:11:44 "POST http://localhost:8080/api/go/hash/md5 HTTP/1.1" from [::1]:59476 - 200 75B in 1.326999ms
2026/09/27 05:11:45 "POST http://localhost:8080/api/go/hash/md5 HTTP/1.1" from [::1]:59482 - 200 75B in 1.983384ms
2026/09/27 05:11:47 "POST http://localhost:8080/api/go/hash/md5 HTTP/1.1" from [::1]:59488 - 200 75B in 183.809µs
2026/09/27 05:11:47 "POST http://localhost:8080/api/go/hash/md5 HTTP/1.1" from [::1]:59494 - 200 75B in 43.732µs
2026/09/27 05:11:48 "POST http://localhost:8080/api/go/hash/sha512 HTTP/1.1" from [::1]:59502 - 200 139B in 473.984µs
2026/09/27 05:11:50 "POST http://localhost:8080/api/go/hash/sha512 HTTP/1.1" from [::1]:59508 - 200 139B in 88.956µs
2026/09/27 05:11:51 "POST http://localhost:8080/api/go/hash/md5 HTTP/1.1" from [::1]:59510 - 200 75B in 40.137µs
2026/09/27 05:11:52 "POST http://localhost:8080/api/go/hash/md5 HTTP/1.1" from [::1]:48972 - 200 75B in 43.591µs
2026/09/27 05:11:54 "POST http://localhost:8080/api/go/hash/sha512 HTTP/1.1" from [::1]:48984 - 200 139B in 50.33µs
2026/09/27 07:34:32 API is working on http://localhost:8080
2026/09/27 07:34:43 "POST http://localhost:8080/api/go/hash/sha512 HTTP/1.1" from [::1]:49414 - 200 139B in 65.287µs
2026/09/27 07:34:46 "POST http://localhost:8080/api/go/hash/md5 HTTP/1.1" from [::1]:49418 - 200 75B in 272.606µs
2026/09/27 07:34:48 "POST http://localhost:8080/api/go/hash/sha256 HTTP/1.1" from [::1]:49428 - 200 75B in 97.144µs
2026/09/27 07:34:50 "POST http://localhost:8080/api/go/hash/sha512 HTTP/1.1" from [::1]:49430 - 200 139B in 220.45µs
2026/09/27 07:34:51 "POST http://localhost:8080/api/go/hash/md5 HTTP/1.1" from [::1]:49432 - 200 75B in 97.223µs
2026/09/27 07:34:52 "POST http://localhost:8080/api/go/hash/sha256 HTTP/1.1" from [::1]:38294 - 200 75B in 49.689µs
2026/09/27 07:34:53 "POST http://localhost:8080/api/go/hash/sha512 HTTP/1.1" from [::1]:38308 - 200 139B in 65.478µs
2026/09/27 07:34:54 "POST http://localhost:8080/api/go/hash/sha512 HTTP/1.1" from [::1]:38324 - 200 139B in 95.09µs
2026/09/27 07:34:58 "POST http://localhost:8080/api/go/hash/sha512 HTTP/1.1" from [::1]:38332 - 200 139B in 37.73µs
2026/09/27 07:35:00 "POST http://localhost:8080/api/go/hash/sha512 HTTP/1.1" from [::1]:38340 - 200 139B in 92.202µs
2026/09/27 07:47:59 API is working on http://localhost:8080
2026/09/27 07:48:07 API is working on http://localhost:8080
2026/09/27 07:48:13 API is working on http://localhost:8080
